Úšï¿½j%ï¿½(220ESP-ROM:esp32s3-20210327
Build:Mar 27 2021
rst:0x1 (POWERON),boot:0x8 (SPI_FAST_FLASH_BOOT)
SPIWP:0xee
mode:DIO, clock div:1
load:0x3fce3810,len:0x178c
load:0x403c9700,len:0x4
load:0x403c9704,len:0xcb8
load:0x403cc700,len:0x2d80
entry 0x403c9914
[0;32mI (27) boot: ESP-IDF v5.3-dev-892-g692c1fcc52-dirty 2nd stage bootloader[0m
[0;32mI (27) boot: compile time Feb  3 2024 09:53:47[0m
[0;32mI (28) boot: Multicore bootloader[0m
[0;32mI (32) boot: chip revision: v0.2[0m
[0;32mI (36) boot.esp32s3: Boot SPI Speed : 80MHz[0m
[0;32mI (41) boot.esp32s3: SPI Mode       : DIO[0m
[0;32mI (45) boot.esp32s3: SPI Flash Size : 2MB[0m
[0;32mI (50) boot: Enabling RNG early entropy source...[0m
[0;32mI (55) boot: Partition Table:[0m
[0;32mI (59) boot: ## Label            Usage          Type ST Offset   Length[0m
[0;32mI (66) boot:  0 nvs              WiFi data        01 02 00009000 00006000[0m
[0;32mI (74) boot:  1 phy_init         RF data          01 01 0000f000 00001000[0m
[0;32mI (81) boot:  2 factory          factory app      00 00 00010000 00100000[0m
[0;32mI (89) boot: End of partition table[0m
[0;32mI (93) esp_image: segment 0: paddr=00010020 vaddr=3c030020 size=11b78h ( 72568) map[0m
[0;32mI (114) esp_image: segment 1: paddr=00021ba0 vaddr=3fc94600 size=02dd4h ( 11732) load[0m
[0;32mI (117) esp_image: segment 2: paddr=0002497c vaddr=40374000 size=0b69ch ( 46748) load[0m
[0;32mI (130) esp_image: segment 3: paddr=00030020 vaddr=42000020 size=2c928h (182568) map[0m
[0;32mI (163) esp_image: segment 4: paddr=0005c950 vaddr=4037f69c size=04f14h ( 20244) load[0m
[0;32mI (175) boot: Loaded app from partition at offset 0x10000[0m
[0;32mI (175) boot: Disabling RNG early entropy source...[0m
[0;32mI (186) cpu_start: Multicore app[0m
[0;32mI (196) cpu_start: Pro cpu start user code[0m
[0;32mI (196) cpu_start: cpu freq: 160000000 Hz[0m
[0;32mI (196) cpu_start: Application information:[0m
[0;32mI (199) cpu_start: Project name:     .[0m
[0;32mI (204) cpu_start: App version:      5f51ca5[0m
[0;32mI (209) cpu_start: Compile time:     Feb  3 2024 10:00:24[0m
[0;32mI (215) cpu_start: ELF file SHA256:  36fba781e...[0m
[0;32mI (220) cpu_start: ESP-IDF:          v5.3-dev-892-g692c1fcc52-dirty[0m
[0;32mI (227) cpu_start: Min chip rev:     v0.0[0m
[0;32mI (232) cpu_start: Max chip rev:     v0.99 [0m
[0;32mI (236) cpu_start: Chip rev:         v0.2[0m
[0;32mI (241) heap_init: Initializing. RAM available for dynamic allocation:[0m
[0;32mI (248) heap_init: At 3FC97D48 len 000519C8 (326 KiB): RAM[0m
[0;32mI (255) heap_init: At 3FCE9710 len 00005724 (21 KiB): RAM[0m
[0;32mI (261) heap_init: At 3FCF0000 len 00008000 (32 KiB): DRAM[0m
[0;32mI (267) heap_init: At 600FE010 len 00001FD8 (7 KiB): RTCRAM[0m
[0;32mI (274) spi_flash: detected chip: generic[0m
[0;32mI (278) spi_flash: flash io: dio[0m
[0;33mW (282) spi_flash: Detected size(16384k) larger than the size in the binary image header(2048k). Using the size in the binary image header.[0m
[0;32mI (295) sleep: Configure to isolate all GPIO pins in sleep state[0m
[0;32mI (302) sleep: Enable automatic switching of GPIO sleep configuration[0m
[0;32mI (309) main_task: Started on CPU0[0m
[0;32mI (329) main_task: Calling app_main()[0m
[0;32mI (329) example: Initializing SD card[0m
[0;32mI (329) example: Using SPI peripheral[0m
[0;32mI (329) example: Mounting filesystem[0m
[0;32mI (339) gpio: GPIO[38]| InputEn: 0| OutputEn: 1| OpenDrain: 0| Pullup: 0| Pulldown: 0| Intr:0 [0m
[0;31mE (369) vfs_fat_sdmmc: sdmmc_card_init failed (0x107).[0m
[0;32mI (369) gpio: GPIO[38]| InputEn: 1| OutputEn: 0| OpenDrain: 0| Pullup: 0| Pulldown: 0| Intr:0 [0m
[0;31mE (369) example: Failed to initialize the card (ESP_ERR_TIMEOUT). Make sure SD card lines have pull-up resistors in place.[0m
[0;32mI (379) example: Opening file /sdcard/test.txt[0m
[0;31mE (389) example: Failed to open file for writing[0m
[0;32mI (389) example: Reading file /sdcard/test.txt[0m
[0;31mE (399) example: Failed to open file for reading[0m
[0;32mI (399) example: Card unmounted[0m
[0;32mI (409) gpio: GPIO[35]| InputEn: 0| OutputEn: 0| OpenDrain: 0| Pullup: 1| Pulldown: 0| Intr:0 [0m
[0;32mI (419) gpio: GPIO[37]| InputEn: 0| OutputEn: 0| OpenDrain: 0| Pullup: 1| Pulldown: 0| Intr:0 [0m
[0;32mI (419) gpio: GPIO[36]| InputEn: 0| OutputEn: 0| OpenDrain: 0| Pullup: 1| Pulldown: 0| Intr:0 [0m
[0;32mI (429) main_task: Returned from app_main()[0m
ESP-ROM:esp32s3-20210327
Build:Mar 27 2021
rst:0x1 (POWERON),boot:0xb (SPI_FAST_FLASH_BOOT)
SPIWP:0xee
mode:DIO, clock div:1
load:0x3fce3810,len:0x178c
load:0x403c9700,len:0x4
load:0x403c9704,len:0xcb8
load:0x403cc700,len:0x2d80
entry 0x403c9914
[0;32mI (27) boot: ESP-IDF v5.3-dev-892-g692c1fcc52-dirty 2nd stage bootloader[0m
[0;32mI (27) boot: compile time Feb  3 2024 09:53:47[0m
[0;32mI (28) boot: Multicore bootloader[0m
[0;32mI (32) boot: chip revision: v0.2[0m
[0;32mI (36) boot.esp32s3: Boot SPI Speed : 80MHz[0m
[0;32mI (41) boot.esp32s3: SPI Mode       : DIO[0m
[0;32mI (45) boot.esp32s3: SPI Flash Size : 2MB[0m
[0;32mI (50) boot: Enabling RNG early entropy source...[0m
[0;32mI (55) boot: Partition Table:[0m
[0;32mI (59) boot: ## Label            Usage          Type ST Offset   Length[0m
[0;32mI (66) boot:  0 nvs              WiFi data        01 02 00009000 00006000[0m
[0;32mI (74) boot:  1 phy_init         RF data          01 01 0000f000 00001000[0m
[0;32mI (81) boot:  2 factory          factory app      00 00 00010000 00100000[0m
[0;32mI (89) boot: End of partition table[0m
[0;32mI (93) esp_image: segment 0: paddr=00010020 vaddr=3c030020 size=11b78h ( 72568) map[0m
[0;32mI (114) esp_image: segment 1: paddr=00021ba0 vaddr=3fc94600 size=02dd4h ( 11732) load[0m
[0;32mI (117) esp_image: segment 2: paddr=0002497c vaddr=40374000 size=0b69ch ( 46748) load[0m
[0;32mI (130) esp_image: segment 3: paddr=00030020 vaddr=42000020 size=2c928h (182568) map[0m
[0;32mI (163) esp_image: segment 4: paddr=0005c950 vaddr=4037f69c size=04f14h ( 20244) load[0m
[0;32mI (175) boot: Loaded app from partition at offset 0x10000[0m
[0;32mI (175) boot: Disabling RNG early entropy source...[0m
[0;32mI (186) cpu_start: Multicore app[0m
[0;32mI (196) cpu_start: Pro cpu start user code[0m
[0;32mI (196) cpu_start: cpu freq: 160000000 Hz[0m
[0;32mI (196) cpu_start: Application information:[0m
[0;32mI (199) cpu_start: Project name:     .[0m
[0;32mI (204) cpu_start: App version:      5f51ca5[0m
[0;32mI (208) cpu_start: Compile time:     Feb  3 2024 10:00:24[0m
[0;32mI (215) cpu_start: ELF file SHA256:  36fba781e...[0m
[0;32mI (220) cpu_start: ESP-IDF:          v5.3-dev-892-g692c1fcc52-dirty[0m
[0;32mI (227) cpu_start: Min chip rev:     v0.0[0m
[0;32mI (232) cpu_start: Max chip rev:     v0.99 [0m
[0;32mI (236) cpu_start: Chip rev:         v0.2[0m
[0;32mI (241) heap_init: Initializing. RAM available for dynamic allocation:[0m
[0;32mI (248) heap_init: At 3FC97D48 len 000519C8 (326 KiB): RAM[0m
[0;32mI (255) heap_init: At 3FCE9710 len 00005724 (21 KiB): RAM[0m
[0;32mI (261) heap_init: At 3FCF0000 len 00008000 (32 KiB): DRAM[0m
[0;32mI (267) heap_init: At 600FE010 len 00001FD8 (7 KiB): RTCRAM[0m
[0;32mI (274) spi_flash: detected chip: generic[0m
[0;32mI (278) spi_flash: flash io: dio[0m
[0;33mW (282) spi_flash: Detected size(16384k) larger than the size in the binary image header(2048k). Using the size in the binary image header.[0m
[0;32mI (295) sleep: Configure to isolate all GPIO pins in sleep state[0m
[0;32mI (302) sleep: Enable automatic switching of GPIO sleep configuration[0m
[0;32mI (309) main_task: Started on CPU0[0m
[0;32mI (329) main_task: Calling app_main()[0m
[0;32mI (329) example: Initializing SD card[0m
[0;32mI (329) example: Using SPI peripheral[0m
[0;32mI (329) example: Mounting filesystem[0m
[0;32mI (339) gpio: GPIO[38]| InputEn: 0| OutputEn: 1| OpenDrain: 0| Pullup: 0| Pulldown: 0| Intr:0 [0m
[0;32mI (419) sdspi_transaction: cmd=5, R1 response: command not supported[0m
[0;32mI (449) example: Filesystem mounted[0m
Name: SDABC
Type: SDHC/SDXC
Speed: 20.00 MHz (limit: 20.00 MHz)
Size: 60000MB
CSD: ver=2, sector_size=512, capacity=122880000 read_bl_len=9
SSR: bus_width=1
[0;32mI (459) example: Opening file /sdcard/test.txt[0m
[0;32mI (509) example: File written[0m
[0;32mI (509) example: Reading file /sdcard/test.txt[0m

assert failed: spinlock_acquire spinlock.h:140 (lock->count == 0)


Backtrace: 0x40375b02:0x3fc9b690 0x4037ae05:0x3fc9b6b0 0x40382679:0x3fc9b6d0 0x4037bb22:0x3fc9b7f0 0x4037b6c8:0x3fc9b820 0x4037b7a2:0x3fc9b860 0x40376ab5:0x3fc9b880 0x40376ba9:0x3fc9b8b0 0x40376c73:0x3fc9b8d0 0x420180cf:0x3fc9b900 0x420181ab:0x3fc9b940 0x42008e09:0x3fc9b960 0x42008fa3:0x3fc9b9e0 0x42008d2e:0x3fc9ba00 0x4202ba97:0x3fc9ba20 0x4037b899:0x3fc9ba50




ELF file SHA256: 36fba781e

Rebooting...
ï¿½ï¿½ï¿½ESP-ROM:esp32s3-20210327
Build:Mar 27 2021
rst:0xc (RTC_SW_CPU_RST),boot:0xb (SPI_FAST_FLASH_BOOT)
Saved PC:0x40375a3c
SPIWP:0xee
mode:DIO, clock div:1
load:0x3fce3810,len:0x178c
load:0x403c9700,len:0x4
load:0x403c9704,len:0xcb8
load:0x403cc700,len:0x2d80
entry 0x403c9914
[0;32mI (31) boot: ESP-IDF v5.3-dev-892-g692c1fcc52-dirty 2nd stage bootloader[0m
[0;32mI (31) boot: compile time Feb  3 2024 09:53:47[0m
[0;32mI (32) boot: Multicore bootloader[0m
[0;32mI (36) boot: chip revision: v0.2[0m
[0;32mI (40) boot.esp32s3: Boot SPI Speed : 80MHz[0m
[0;32mI (45) boot.esp32s3: SPI Mode       : DIO[0m
[0;32mI (50) boot.esp32s3: SPI Flash Size : 2MB[0m
[0;32mI (54) boot: Enabling RNG early entropy source...[0m
[0;32mI (60) boot: Partition Table:[0m
[0;32mI (63) boot: ## Label            Usage          Type ST Offset   Length[0m
[0;32mI (71) boot:  0 nvs              WiFi data        01 02 00009000 00006000[0m
[0;32mI (78) boot:  1 phy_init         RF data          01 01 0000f000 00001000[0m
[0;32mI (86) boot:  2 factory          factory app      00 00 00010000 00100000[0m
[0;32mI (93) boot: End of partition table[0m
[0;32mI (97) esp_image: segment 0: paddr=00010020 vaddr=3c030020 size=11b78h ( 72568) map[0m
[0;32mI (119) esp_image: segment 1: paddr=00021ba0 vaddr=3fc94600 size=02dd4h ( 11732) load[0m
[0;32mI (122) esp_image: segment 2: paddr=0002497c vaddr=40374000 size=0b69ch ( 46748) load[0m
[0;32mI (135) esp_image: segment 3: paddr=00030020 vaddr=42000020 size=2c928h (182568) map[0m
[0;32mI (168) esp_image: segment 4: paddr=0005c950 vaddr=4037f69c size=04f14h ( 20244) load[0m
[0;32mI (179) boot: Loaded app from partition at offset 0x10000[0m
[0;32mI (179) boot: Disabling RNG early entropy source...[0m
[0;32mI (191) cpu_start: Multicore app[0m
[0;32mI (200) cpu_start: Pro cpu start user code[0m
[0;32mI (201) cpu_start: cpu freq: 160000000 Hz[0m
[0;32mI (201) cpu_start: Application information:[0m
[0;32mI (204) cpu_start: Project name:     .[0m
[0;32mI (208) cpu_start: App version:      5f51ca5[0m
[0;32mI (213) cpu_start: Compile time:     Feb  3 2024 10:00:24[0m
[0;32mI (219) cpu_start: ELF file SHA256:  36fba781e...[0m
[0;32mI (224) cpu_start: ESP-IDF:          v5.3-dev-892-g692c1fcc52-dirty[0m
[0;32mI (231) cpu_start: Min chip rev:     v0.0[0m
[0;32mI (236) cpu_start: Max chip rev:     v0.99 [0m
[0;32mI (241) cpu_start: Chip rev:         v0.2[0m
[0;32mI (246) heap_init: Initializing. RAM available for dynamic allocation:[0m
[0;32mI (253) heap_init: At 3FC97D48 len 000519C8 (326 KiB): RAM[0m
[0;32mI (259) heap_init: At 3FCE9710 len 00005724 (21 KiB): RAM[0m
[0;32mI (265) heap_init: At 3FCF0000 len 00008000 (32 KiB): DRAM[0m
[0;32mI (271) heap_init: At 600FE010 len 00001FD8 (7 KiB): RTCRAM[0m
[0;32mI (279) spi_flash: detected chip: generic[0m
[0;32mI (282) spi_flash: flash io: dio[0m
[0;33mW (286) spi_flash: Detected size(16384k) larger than the size in the binary image header(2048k). Using the size in the binary image header.[0m
[0;32mI (299) sleep: Configure to isolate all GPIO pins in sleep state[0m
[0;32mI (306) sleep: Enable automatic switching of GPIO sleep configuration[0m
[0;32mI (314) main_task: Started on CPU0[0m
[0;32mI (334) main_task: Calling app_main()[0m
[0;32mI (334) example: Initializing SD card[0m
[0;32mI (334) example: Using SPI peripheral[0m
[0;32mI (334) example: Mounting filesystem[0m
[0;32mI (344) gpio: GPIO[38]| InputEn: 0| OutputEn: 1| OpenDrain: 0| Pullup: 0| Pulldown: 0| Intr:0 [0m
[0;32mI (364) sdspi_transaction: cmd=52, R1 response: command not supported[0m
[0;32mI (424) sdspi_transaction: cmd=5, R1 response: command not supported[0m
[0;32mI (464) example: Filesystem mounted[0m
Name: SDABC
Type: SDHC/SDXC
Speed: 20.00 MHz (limit: 20.00 MHz)
Size: 60000MB
CSD: ver=2, sector_size=512, capacity=122880000 read_bl_len=9
SSR: bus_width=1
[0;32mI (474) example: Opening file /sdcard/test.txt[0m
[0;32mI (524) example: File written[0m
[0;32mI (524) example: Reading file /sdcard/test.txt[0m

assert failed: spinlock_acquire spinlock.h:140 (lock->count == 0)


Backtrace: 0x40375b02:0x3fc9b690 0x4037ae05:0x3fc9b6b0 0x40382679:0x3fc9b6d0 0x4037bb22:0x3fc9b7f0 0x4037b6c8:0x3fc9b820 0x4037b7a2:0x3fc9b860 0x40376ab5:0x3fc9b880 0x40376ba9:0x3fc9b8b0 0x40376c73:0x3fc9b8d0 0x420180cf:0x3fc9b900 0x420181ab:0x3fc9b940 0x42008e09:0x3fc9b960 0x42008fa3:0x3fc9b9e0 0x42008d2e:0x3fc9ba00 0x4202ba97:0x3fc9ba20 0x4037b899:0x3fc9ba50




ELF file SHA256: 36fba781e

Rebooting...
ï¿½ï¿½ï¿½ESP-ROM:esp32s3-20210327
Build:Mar 27 2021
rst:0xc (RTC_SW_CPU_RST),boot:0xb (SPI_FAST_FLASH_BOOT)
Saved PC:0x40375a3c
SPIWP:0xee
mode:DIO, clock div:1
load:0x3fce3810,len:0x178c
load:0x403c9700,len:0x4
load:0x403c9704,len:0xcb8
load:0x403cc700,len:0x2d80
entry 0x403c9914
[0;32mI (31) boot: ESP-IDF v5.3-dev-892-g692c1fcc52-dirty 2nd stage bootloader[0m
[0;32mI (31) boot: compile time Feb  3 2024 09:53:47[0m
[0;32mI (32) boot: Multicore bootloader[0m
[0;32mI (36) boot: chip revision: v0.2[0m
[0;32mI (40) boot.esp32s3: Boot SPI Speed : 80MHz[0m
[0;32mI (45) boot.esp32s3: SPI Mode       : DIO[0m
[0;32mI (50) boot.esp32s3: SPI Flash Size : 2MB[0m
[0;32mI (54) boot: Enabling RNG early entropy source...[0m
[0;32mI (60) boot: Partition Table:[0m
[0;32mI (63) boot: ## Label            Usage          Type ST Offset   Length[0m
[0;32mI (71) boot:  0 nvs              WiFi data        01 02 00009000 00006000[0m
[0;32mI (78) boot:  1 phy_init         RF data          01 01 0000f000 00001000[0m
[0;32mI (86) boot:  2 factory          factory app      00 00 00010000 00100000[0m
[0;32mI (93) boot: End of partition table[0m
[0;32mI (97) esp_image: segment 0: paddr=00010020 vaddr=3c030020 size=11b78h ( 72568) map[0m
[0;32mI (119) esp_image: segment 1: paddr=00021ba0 vaddr=3fc94600 size=02dd4h ( 11732) load[0m
[0;32mI (122) esp_image: segment 2: paddr=0002497c vaddr=40374000 size=0b69ch ( 46748) load[0m
[0;32mI (135) esp_image: segment 3: paddr=00030020 vaddr=42000020 size=2c928h (182568) map[0m
[0;32mI (168) esp_image: segment 4: paddr=0005c950 vaddr=4037f69c size=04f14h ( 20244) load[0m
[0;32mI (179) boot: Loaded app from partition at offset 0x10000[0m
[0;32mI (179) boot: Disabling RNG early entropy source...[0m
[0;32mI (191) cpu_start: Multicore app[0m
[0;32mI (200) cpu_start: Pro cpu start user code[0m
[0;32mI (201) cpu_start: cpu freq: 160000000 Hz[0m
[0;32mI (201) cpu_start: Application information:[0m
[0;32mI (204) cpu_start: Project name:     .[0m
[0;32mI (208) cpu_start: App version:      5f51ca5[0m
[0;32mI (213) cpu_start: Compile time:     Feb  3 2024 10:00:24[0m
[0;32mI (219) cpu_start: ELF file SHA256:  36fba781e...[0m
[0;32mI (224) cpu_start: ESP-IDF:          v5.3-dev-892-g692c1fcc52-dirty[0m
[0;32mI (231) cpu_start: Min chip rev:     v0.0[0m
[0;32mI (236) cpu_start: Max chip rev:     v0.99 [0m
[0;32mI (241) cpu_start: Chip rev:         v0.2[0m
[0;32mI (246) heap_init: Initializing. RAM available for dynamic allocation:[0m
[0;32mI (253) heap_init: At 3FC97D48 len 000519C8 (326 KiB): RAM[0m
[0;32mI (259) heap_init: At 3FCE9710 len 00005724 (21 KiB): RAM[0m
[0;32mI (265) heap_init: At 3FCF0000 len 00008000 (32 KiB): DRAM[0m
[0;32mI (271) heap_init: At 600FE010 len 00001FD8 (7 KiB): RTCRAM[0m
[0;32mI (279) spi_flash: detected chip: generic[0m
[0;32mI (282) spi_flash: flash io: dio[0m
[0;33mW (286) spi_flash: Detected size(16384k) larger than the size in the binary image header(2048k). Using the size in the binary image header.[0m
[0;32mI (299) sleep: Configure to isolate all GPIO pins in sleep state[0m
[0;32mI (306) sleep: Enable automatic switching of GPIO sleep configuration[0m
[0;32mI (314) main_task: Started on CPU0[0m
[0;32mI (334) main_task: Calling app_main()[0m
[0;32mI (334) example: Initializing SD card[0m
[0;32mI (334) example: Using SPI peripheral[0m
[0;32mI (334) example: Mounting filesystem[0m
[0;32mI (344) gpio: GPIO[38]| InputEn: 0| OutputEn: 1| OpenDrain: 0| Pullup: 0| Pulldown: 0| Intr:0 [0m
[0;32mI (384) sdspi_transaction: cmd=52, R1 response: command not supported[0m
[0;32mI (464) sdspi_transaction: cmd=5, R1 response: command not supported[0m
[0;32mI (504) example: Filesystem mounted[0m
Name: SDABC
Type: SDHC/SDXC
Speed: 20.00 MHz (limit: 20.00 MHz)
Size: 60000MB
CSD: ver=2, sector_size=512, capacity=122880000 read_bl_len=9
SSR: bus_width=1
[0;32mI (504) example: Opening file /sdcard/test.txt[0m
[0;32mI (554) example: File written[0m
[0;32mI (554) example: Reading file /sdcard/test.txt[0m

assert failed: spinlock_acquire spinlock.h:140 (lock->count == 0)


Backtrace: 0x40375b02:0x3fc9b690 0x4037ae05:0x3fc9b6b0 0x40382679:0x3fc9b6d0 0x4037bb22:0x3fc9b7f0 0x4037b6c8:0x3fc9b820 0x4037b7a2:0x3fc9b860 0x40376ab5:0x3fc9b880 0x40376ba9:0x3fc9b8b0 0x40376c73:0x3fc9b8d0 0x420180cf:0x3fc9b900 0x420181ab:0x3fc9b940 0x42008e09:0x3fc9b960 0x42008fa3:0x3fc9b9e0 0x42008d2e:0x3fc9ba00 0x4202ba97:0x3fc9ba20 0x4037b899:0x3fc9ba50




ELF file SHA256: 36fba781e

Rebooting...
ï¿½ï¿½ï¿½ESP-ROM:esp32s3-20210327
Build:Mar 27 2021
rst:0xc (RTC_SW_CPU_RST),boot:0xb (SPI_FAST_FLASH_BOOT)
Saved PC:0x40375a3c
SPIWP:0xee
mode:DIO, clock div:1
load:0x3fce3810,len:0x178c
load:0x403c9700,len:0x4
load:0x403c9704,len:0xcb8
load:0x403cc700,len:0x2d80
entry 0x403c9914
[0;32mI (31) boot: ESP-IDF v5.3-dev-892-g692c1fcc52-dirty 2nd stage bootloader[0m
[0;32mI (31) boot: compile time Feb  3 2024 09:53:47[0m
[0;32mI (32) boot: Multicore bootloader[0m
[0;32mI (36) boot: chip revision: v0.2[0m
[0;32mI (40) boot.esp32s3: Boot SPI Speed : 80MHz[0m
[0;32mI (45) boot.esp32s3: SPI Mode       : DIO[0m
[0;32mI (50) boot.esp32s3: SPI Flash Size : 2MB[0m
[0;32mI (54) boot: Enabling RNG early entropy source...[0m
[0;32mI (60) boot: Partition Table:[0m
[0;32mI (63) boot: ## Label            Usage          Type ST Offset   Length[0m
[0;32mI (71) boot:  0 nvs              WiFi data        01 02 00009000 00006000[0m
[0;32mI (78) boot:  1 phy_init         RF data          01 01 0000f000 00001000[0m
[0;32mI (86) boot:  2 factory          factory app      00 00 00010000 00100000[0m
[0;32mI (93) boot: End of partition table[0m
[0;32mI (97) esp_image: segment 0: paddr=00010020 vaddr=3c030020 size=11b78h ( 72568) map[0m
[0;32mI (119) esp_image: segment 1: paddr=00021ba0 vaddr=3fc94600 size=02dd4h ( 11732) load[0m
[0;32mI (122) esp_image: segment 2: paddr=0002497c vaddr=40374000 size=0b69ch ( 46748) load[0m
[0;32mI (135) esp_image: segment 3: paddr=00030020 vaddr=42000020 size=2c928h (182568) map[0m
[0;32mI (168) esp_image: segment 4: paddr=0005c950 vaddr=4037f69c size=04f14h ( 20244) load[0m
[0;32mI (179) boot: Loaded app from partition at offset 0x10000[0m
[0;32mI (179) boot: Disabling RNG early entropy source...[0m
[0;32mI (191) cpu_start: Multicore app[0m
[0;32mI (200) cpu_start: Pro cpu start user code[0m
[0;32mI (201) cpu_start: cpu freq: 160000000 Hz[0m
[0;32mI (201) cpu_start: Application information:[0m
[0;32mI (204) cpu_start: Project name:     .[0m
[0;32mI (208) cpu_start: App version:      5f51ca5[0m
[0;32mI (213) cpu_start: Compile time:     Feb  3 2024 10:00:24[0m
[0;32mI (219) cpu_start: ELF file SHA256:  36fba781e...[0m
[0;32mI (224) cpu_start: ESP-IDF:          v5.3-dev-892-g692c1fcc52-dirty[0m
[0;32mI (231) cpu_start: Min chip rev:     v0.0[0m
[0;32mI (236) cpu_start: Max chip rev:     v0.99 [0m
[0;32mI (241) cpu_start: Chip rev:         v0.2[0m
[0;32mI (246) heap_init: Initializing. RAM available for dynamic allocation:[0m
[0;32mI (253) heap_init: At 3FC97D48 len 000519C8 (326 KiB): RAM[0m
[0;32mI (259) heap_init: At 3FCE9710 len 00005724 (21 KiB): RAM[0m
[0;32mI (265) heap_init: At 3FCF0000 len 00008000 (32 KiB): DRAM[0m
[0;32mI (271) heap_init: At 600FE010 len 00001FD8 (7 KiB): RTCRAM[0m
[0;32mI (279) spi_flash: detected chip: generic[0m
[0;32mI (282) spi_flash: flash io: dio[0m
[0;33mW (286) spi_flash: Detected size(16384k) larger than the size in the binary image header(2048k). Using the size in the binary image header.[0m
[0;32mI (300) sleep: Configure to isolate all GPIO pins in sleep state[0m
[0;32mI (306) sleep: Enable automatic switching of GPIO sleep configuration[0m
[0;32mI (313) main_task: Started on CPU0[0m
[0;32mI (333) main_task: Calling app_main()[0m
[0;32mI (333) example: Initializing SD card[0m
[0;32mI (333) example: Using SPI peripheral[0m
[0;32mI (333) example: Mounting filesystem[0m
[0;32mI (343) gpio: GPIO[38]| InputEn: 0| OutputEn: 1| OpenDrain: 0| Pullup: 0| Pulldown: 0| Intr:0 [0m
[0;32mI (373) sdspi_transaction: cmd=52, R1 response: command not supported[0m
[0;32mI (463) sdspi_transaction: cmd=5, R1 response: command not supported[0m
[0;32mI (513) example: Filesystem mounted[0m
Name: SDABC
Type: SDHC/SDXC
Speed: 20.00 MHz (limit: 20.00 MHz)
Size: 60000MB
CSD: ver=2, sector_size=512, capacity=122880000 read_bl_len=9
SSR: bus_width=1
[0;32mI (523) example: Opening file /sdcard/test.txt[0m
[0;32mI (573) example: File written[0m
[0;32mI (573) example: Reading file /sdcard/test.txt[0m

assert failed: spinlock_acquire spinlock.h:140 (lock->count == 0)


Backtrace: 0x40375b02:0x3fc9b690 0x4037ae05:0x3fc9b6b0 0x40382679:0x3fc9b6d0 0x4037bb22:0x3fc9b7f0 0x4037b6c8:0x3fc9b820 0x4037b7a2:0x3fc9b860 0x40376ab5:0x3fc9b880 0x40376ba9:0x3fc9b8b0 0x40376c73:0x3fc9b8d0 0x420180cf:0x3fc9b900 0x420181ab:0x3fc9b940 0x42008e09:0x3fc9b960 0x42008fa3:0x3fc9b9e0 0x42008d2e:0x3fc9ba00 0x4202ba97:0x3fc9ba20 0x4037b899:0x3fc9ba50




ELF file SHA256: 36fba781e

Rebooting...
ï¿½ï¿½ï¿½ESP-ROM:esp32s3-20210327
Build:Mar 27 2021
rst:0xc (RTC_SW_CPU_RST),boot:0xb (SPI_FAST_FLASH_BOOT)
Saved PC:0x40375a3c
SPIWP:0xee
mode:DIO, clock div:1
load:0x3fce3810,len:0x178c
load:0x403c9700,len:0x4
load:0x403c9704,len:0xcb8
load:0x403cc700,len:0x2d80
entry 0x403c9914
[0;32mI (31) boot: ESP-IDF v5.3-dev-892-g692c1fcc52-dirty 2nd stage bootloader[0m
[0;32mI (31) boot: compile time Feb  3 2024 09:53:47[0m
[0;32mI (32) boot: Multicore bootloader[0m
[0;32mI (36) boot: chip revision: v0.2[0m
[0;32mI (40) boot.esp32s3: Boot SPI Speed : 80MHz[0m
[0;32mI (45) boot.esp32s3: SPI Mode       : DIO[0m
[0;32mI (50) boot.esp32s3: SPI Flash Size : 2MB[0m
[0;32mI (54) boot: Enabling RNG early entropy source...[0m
[0;32mI (60) boot: Partition Table:[0m
[0;32mI (63) boot: ## Label            Usage          Type ST Offset   Length[0m
[0;32mI (71) boot:  0 nvs              WiFi data        01 02 00009000 00006000[0m
[0;32mI (78) boot:  1 phy_init         RF data          01 01 0000f000 00001000[0m
[0;32mI (86) boot:  2 factory          factory app      00 00 00010000 00100000[0m
[0;32mI (93) boot: End of partition table[0m
[0;32mI (97) esp_image: segment 0: paddr=00010020 vaddr=3c030020 size=11b78h ( 72568) map[0m
[0;32mI (119) esp_image: segment 1: paddr=00021ba0 vaddr=3fc94600 size=02dd4h ( 11732) load[0m
[0;32mI (122) esp_image: segment 2: paddr=0002497c vaddr=40374000 size=0b69ch ( 46748) load[0m
[0;32mI (135) esp_image: segment 3: paddr=00030020 vaddr=42000020 size=2c928h (182568) map[0m
[0;32mI (168) esp_image: segment 4: paddr=0005c950 vaddr=4037f69c size=04f14h ( 20244) load[0m
[0;32mI (179) boot: Loaded app from partition at offset 0x10000[0m
[0;32mI (179) boot: Disabling RNG early entropy source...[0m
[0;32mI (191) cpu_start: Multicore app[0m
[0;32mI (200) cpu_start: Pro cpu start user code[0m
[0;32mI (201) cpu_start: cpu freq: 160000000 Hz[0m
[0;32mI (201) cpu_start: Application information:[0m
[0;32mI (204) cpu_start: Project name:     .[0m
[0;32mI (208) cpu_start: App version:      5f51ca5[0m
[0;32mI (213) cpu_start: Compile time:     Feb  3 2024 10:00:24[0m
[0;32mI (219) cpu_start: ELF file SHA256:  36fba781e...[0m
[0;32mI (224) cpu_start: ESP-IDF:          v5.3-dev-892-g692c1fcc52-dirty[0m
[0;32mI (231) cpu_start: Min chip rev:     v0.0[0m
[0;32mI (236) cpu_start: Max chip rev:     v0.99 [0m
[0;32mI (241) cpu_start: Chip rev:         v0.2[0m
[0;32mI (246) heap_init: Initializing. RAM available for dynamic allocation:[0m
[0;32mI (253) heap_init: At 3FC97D48 len 000519C8 (326 KiB): RAM[0m
[0;32mI (259) heap_init: At 3FCE9710 len 00005724 (21 KiB): RAM[0m
[0;32mI (265) heap_init: At 3FCF0000 len 00008000 (32 KiB): DRAM[0m
[0;32mI (271) heap_init: At 600FE010 len 00001FD8 (7 KiB): RTCRAM[0m
[0;32mI (279) spi_flash: detected chip: generic[0m
[0;32mI (282) spi_flash: flash io: dio[0m
[0;33mW (286) spi_flash: Detected size(16384k) larger than the size in the binary image header(2048k). Using the size in the binary image header.[0m
[0;32mI (300) sleep: Configure to isolate all GPIO pins in sleep state[0m
[0;32mI (306) sleep: Enable automatic switching of GPIO sleep configuration[0m
[0;32mI (313) main_task: Started on CPU0[0m
[0;32mI (333) main_task: Calling app_main()[0m
[0;32mI (333) example: Initializing SD card[0m
[0;32mI (333) example: Using SPI peripheral[0m
[0;32mI (333) example: Mounting filesystem[0m
[0;32mI (343) gpio: GPIO[38]| InputEn: 0| OutputEn: 1| OpenDrain: 0| Pullup: 0| Pulldown: 0| Intr:0 [0m
[0;32mI (353) sdspi_transaction: cmd=52, R1 response: command not supported[0m
[0;32mI (393) sdspi_transaction: cmd=5, R1 response: command not supported[0m
[0;32mI (413) example: Filesystem mounted[0m
Name: SDABC
Type: SDHC/SDXC
Speed: 20.00 MHz (limit: 20.00 MHz)
Size: 60000MB
CSD: ver=2, sector_size=512, capacity=122880000 read_bl_len=9
SSR: bus_width=1
[0;32mI (423) example: Opening file /sdcard/test.txt[0m
[0;32mI (433) example: File written[0m
[0;32mI (433) example: Reading file /sdcard/test.txt[0m

assert failed: spinlock_acquire spinlock.h:140 (lock->count == 0)


Backtrace: 0x40375b02:0x3fc9b690 0x4037ae05:0x3fc9b6b0 0x40382679:0x3fc9b6d0 0x4037bb22:0x3fc9b7f0 0x4037b6c8:0x3fc9b820 0x4037b7a2:0x3fc9b860 0x40376ab5:0x3fc9b880 0x40376ba9:0x3fc9b8b0 0x40376c73:0x3fc9b8d0 0x420180cf:0x3fc9b900 0x420181ab:0x3fc9b940 0x42008e09:0x3fc9b960 0x42008fa3:0x3fc9b9e0 0x42008d2e:0x3fc9ba00 0x4202ba97:0x3fc9ba20 0x4037b899:0x3fc9ba50




ELF file SHA256: 36fba781e

Rebooting...
ï¿½ï¿½ï¿½ESP-ROM:esp32s3-20210327
Build:Mar 27 2021
rst:0xc (RTC_SW_CPU_RST),boot:0xb (SPI_FAST_FLASH_BOOT)
Saved PC:0x40375a3c
SPIWP:0xee
mode:DIO, clock div:1
load:0x3fce3810,len:0x178c
load:0x403c9700,len:0x4
load:0x403c9704,len:0xcb8
load:0x403cc700,len:0x2d80
entry 0x403c9914
[0;32mI (31) boot: ESP-IDF v5.3-dev-892-g692c1fcc52-dirty 2nd stage bootloader[0m
[0;32mI (31) boot: compile time Feb  3 2024 09:53:47[0m
[0;32mI (32) boot: Multicore bootloader[0m
[0;32mI (36) boot: chip revision: v0.2[0m
[0;32mI (40) boot.esp32s3: Boot SPI Speed : 80MHz[0m
[0;32mI (45) boot.esp32s3: SPI Mode       : DIO[0m
[0;32mI (50) boot.esp32s3: SPI Flash Size : 2MB[0m
[0;32mI (54) boot: Enabling RNG early entropy source...[0m
[0;32mI (60) boot: Partition Table:[0m
[0;32mI (63) boot: ## Label            Usage          Type ST Offset   Length[0m
[0;32mI (71) boot:  0 nvs              WiFi data        01 02 00009000 00006000[0m
[0;32mI (78) boot:  1 phy_init         RF data          01 01 0000f000 00001000[0m
[0;32mI (86) boot:  2 factory          factory app      00 00 00010000 00100000[0m
[0;32mI (93) boot: End of partition table[0m
[0;32mI (97) esp_image: segment 0: paddr=00010020 vaddr=3c030020 size=11b78h ( 72568) map[0m
[0;32mI (119) esp_image: segment 1: paddr=00021ba0 vaddr=3fc94600 size=02dd4h ( 11732) load[0m
[0;32mI (122) esp_image: segment 2: paddr=0002497c vaddr=40374000 size=0b69ch ( 46748) load[0m
[0;32mI (135) esp_image: segment 3: paddr=00030020 vaddr=42000020 size=2c928h (182568) map[0m
[0;32mI (168) esp_image: segment 4: paddr=0005c950 vaddr=4037f69c size=04f14h ( 20244) load[0m
[0;32mI (179) boot: Loaded app from partition at offset 0x10000[0m
[0;32mI (179) boot: Disabling RNG early entropy source...[0m
[0;32mI (191) cpu_start: Multicore app[0m
[0;32mI (200) cpu_start: Pro cpu start user code[0m
[0;32mI (201) cpu_start: cpu freq: 160000000 Hz[0m
[0;32mI (201) cpu_start: Application information:[0m
[0;32mI (204) cpu_start: Project name:     .[0m
[0;32mI (208) cpu_start: App version:      5f51ca5[0m
[0;32mI (213) cpu_start: Compile time:     Feb  3 2024 10:00:24[0m
[0;32mI (219) cpu_start: ELF file SHA256:  36fba781e...[0m
[0;32mI (224) cpu_start: ESP-IDF:          v5.3-dev-892-g692c1fcc52-dirty[0m
[0;32mI (231) cpu_start: Min chip rev:     v0.0[0m
[0;32mI (236) cpu_start: Max chip rev:     v0.99 [0m
[0;32mI (241) cpu_start: Chip rev:         v0.2[0m
[0;32mI (246) heap_init: Initializing. RAM available for dynamic allocation:[0m
[0;32mI (253) heap_init: At 3FC97D48 len 000519C8 (326 KiB): RAM[0m
[0;32mI (259) heap_init: At 3FCE9710 len 00005724 (21 KiB): RAM[0m
[0;32mI (265) heap_init: At 3FCF0000 len 00008000 (32 KiB): DRAM[0m
[0;32mI (271) heap_init: At 600FE010 len 00001FD8 (7 KiB): RTCRAM[0m
[0;32mI (279) spi_flash: detected chip: generic[0m
[0;32mI (282) spi_flash: flash io: dio[0m
[0;33mW (286) spi_flash: Detected size(16384k) larger than the size in the binary image header(2048k). Using the size in the binary image header.[0m
[0;32mI (300) sleep: Configure to isolate all GPIO pins in sleep state[0m
[0;32mI (306) sleep: Enable automatic switching of GPIO sleep configuration[0m
[0;32mI (313) main_task: Started on CPU0[0m
[0;32mI (333) main_task: Calling app_main()[0m
[0;32mI (333) example: Initializing SD card[0m
[0;32mI (333) example: Using SPI peripheral[0m
[0;32mI (333) example: Mounting filesystem[0m
[0;32mI (343) gpio: GPIO[38]| InputEn: 0| OutputEn: 1| OpenDrain: 0| Pullup: 0| Pulldown: 0| Intr:0 [0m
[0;32mI (353) sdspi_transaction: cmd=52, R1 response: command not supported[0m
[0;32mI (393) sdspi_transaction: cmd=5, R1 response: command not supported[0m
[0;32mI (423) example: Filesystem mounted[0m
Name: SDABC
Type: SDHC/SDXC
Speed: 20.00 MHz (limit: 20.00 MHz)
Size: 60000MB
CSD: ver=2, sector_size=512, capacity=122880000 read_bl_len=9
SSR: bus_width=1
[0;32mI (433) example: Opening file /sdcard/test.txt[0m
[0;32mI (443) example: File written[0m
[0;32mI (443) example: Reading file /sdcard/test.txt[0m

assert failed: spinlock_acquire spinlock.h:140 (lock->count == 0)


Backtrace: 0x40375b02:0x3fc9b690 0x4037ae05:0x3fc9b6b0 0x40382679:0x3fc9b6d0 0x4037bb22:0x3fc9b7f0 0x4037b6c8:0x3fc9b820 0x4037b7a2:0x3fc9b860 0x40376ab5:0x3fc9b880 0x40376ba9:0x3fc9b8b0 0x40376c73:0x3fc9b8d0 0x420180cf:0x3fc9b900 0x420181ab:0x3fc9b940 0x42008e09:0x3fc9b960 0x42008fa3:0x3fc9b9e0 0x42008d2e:0x3fc9ba00 0x4202ba97:0x3fc9ba20 0x4037b899:0x3fc9ba50




ELF file SHA256: 36fba781e

Rebooting...
ï¿½ï¿½ï¿½ESP-ROM:esp32s3-20210327
Build:Mar 27 2021
rst:0xc (RTC_SW_CPU_RST),boot:0xb (SPI_FAST_FLASH_BOOT)
Saved PC:0x40375a3c
SPIWP:0xee
mode:DIO, clock div:1
load:0x3fce3810,len:0x178c
load:0x403c9700,len:0x4
load:0x403c9704,len:0xcb8
load:0x403cc700,len:0x2d80
entry 0x403c9914
[0;32mI (31) boot: ESP-IDF v5.3-dev-892-g692c1fcc52-dirty 2nd stage bootloader[0m
[0;32mI (31) boot: compile time Feb  3 2024 09:53:47[0m
[0;32mI (32) boot: Multicore bootloader[0m
[0;32mI (36) boot: chip revision: v0.2[0m
[0;32mI (40) boot.esp32s3: Boot SPI Speed : 80MHz[0m
[0;32mI (45) boot.esp32s3: SPI Mode       : DIO[0m
[0;32mI (50) boot.esp32s3: SPI Flash Size : 2MB[0m
[0;32mI (54) boot: Enabling RNG early entropy source...[0m
[0;32mI (60) boot: Partition Table:[0m
[0;32mI (63) boot: ## Label            Usage          Type ST Offset   Length[0m
[0;32mI (71) boot:  0 nvs              WiFi data        01 02 00009000 00006000[0m
[0;32mI (78) boot:  1 phy_init         RF data          01 01 0000f000 00001000[0m
[0;32mI (86) boot:  2 factory          factory app      00 00 00010000 00100000[0m
[0;32mI (93) boot: End of partition table[0m
[0;32mI (97) esp_image: segment 0: paddr=00010020 vaddr=3c030020 size=11b78h ( 72568) map[0m
[0;32mI (119) esp_image: segment 1: paddr=00021ba0 vaddr=3fc94600 size=02dd4h ( 11732) load[0m
[0;32mI (122) esp_image: segment 2: paddr=0002497c vaddr=40374000 size=0b69ch ( 46748) load[0m
[0;32mI (135) esp_image: segment 3: paddr=00030020 vaddr=42000020 size=2c928h (182568) map[0m
[0;32mI (168) esp_image: segment 4: paddr=0005c950 vaddr=4037f69c size=04f14h ( 20244) load[0m
[0;32mI (179) boot: Loaded app from partition at offset 0x10000[0m
[0;32mI (179) boot: Disabling RNG early entropy source...[0m
[0;32mI (191) cpu_start: Multicore app[0m
[0;32mI (200) cpu_start: Pro cpu start user code[0m
[0;32mI (201) cpu_start: cpu freq: 160000000 Hz[0m
[0;32mI (201) cpu_start: Application information:[0m
[0;32mI (204) cpu_start: Project name:     .[0m
[0;32mI (208) cpu_start: App version:      5f51ca5[0m
[0;32mI (213) cpu_start: Compile time:     Feb  3 2024 10:00:24[0m
[0;32mI (219) cpu_start: ELF file SHA256:  36fba781e...[0m
[0;32mI (224) cpu_start: ESP-IDF:          v5.3-dev-892-g692c1fcc52-dirty[0m
[0;32mI (231) cpu_start: Min chip rev:     v0.0[0m
[0;32mI (236) cpu_start: Max chip rev:     v0.99 [0m
[0;32mI (241) cpu_start: Chip rev:         v0.2[0m
[0;32mI (246) heap_init: Initializing. RAM available for dynamic allocation:[0m
[0;32mI (253) heap_init: At 3FC97D48 len 000519C8 (326 KiB): RAM[0m
[0;32mI (259) heap_init: At 3FCE9710 len 00005724 (21 KiB): RAM[0m
[0;32mI (265) heap_init: At 3FCF0000 len 00008000 (32 KiB): DRAM[0m
[0;32mI (271) heap_init: At 600FE010 len 00001FD8 (7 KiB): RTCRAM[0m
[0;32mI (279) spi_flash: detected chip: generic[0m
[0;32mI (282) spi_flash: flash io: dio[0m
[0;33mW (286) spi_flash: Detected size(16384k) larger than the size in the binary image header(2048k). Using the size in the binary image header.[0m
[0;32mI (299) sleep: Configure to isolate all GPIO pins in sleep state[0m
[0;32mI (306) sleep: Enable automatic switching of GPIO sleep configuration[0m
[0;32mI (313) main_task: Started on CPU0[0m
[0;32mI (333) main_task: Calling app_main()[0m
[0;32mI (333) example: Initializing SD card[0m
[0;32mI (333) example: Using SPI peripheral[0m
[0;32mI (333) example: Mounting filesystem[0m
[0;32mI (343) gpio: GPIO[38]| InputEn: 0| OutputEn: 1| OpenDrain: 0| Pullup: 0| Pulldown: 0| Intr:0 [0m
[0;32mI (353) sdspi_transaction: cmd=52, R1 response: command not supported[0m
[0;32mI (393) sdspi_transaction: cmd=5, R1 response: command not supported[0m
[0;32mI (423) example: Filesystem mounted[0m
Name: SDABC
Type: SDHC/SDXC
Speed: 20.00 MHz (limit: 20.00 MHz)
Size: 60000MB
CSD: ver=2, sector_size=512, capacity=122880000 read_bl_len=9
SSR: bus_width=1
[0;32mI (433) example: Opening file /sdcard/test.txt[0m
[0;32mI (443) example: File written[0m
[0;32mI (443) example: Reading file /sdcard/test.txt[0m

assert failed: spinlock_acquire spinlock.h:140 (lock->count == 0)


Backtrace: 0x40375b02:0x3fc9b690 0x4037ae05:0x3fc9b6b0 0x40382679:0x3fc9b6d0 0x4037bb22:0x3fc9b7f0 0x4037b6c8:0x3fc9b820 0x4037b7a2:0x3fc9b860 0x40376ab5:0x3fc9b880 0x40376ba9:0x3fc9b8b0 0x40376c73:0x3fc9b8d0 0x420180cf:0x3fc9b900 0x420181ab:0x3fc9b940 0x42008e09:0x3fc9b960 0x42008fa3:0x3fc9b9e0 0x42008d2e:0x3fc9ba00 0x4202ba97:0x3fc9ba20 0x4037b899:0x3fc9ba50




ELF file SHA256: 36fba781e

Rebooting...
ï¿½ï¿½ï¿½ESP-ROM:esp32s3-20210327
Build:Mar 27 2021
rst:0xc (RTC_SW_CPU_RST),boot:0xb (SPI_FAST_FLASH_BOOT)
Saved PC:0x40375a3c
SPIWP:0xee
mode:DIO, clock div:1
load:0x3fce3810,len:0x178c
load:0x403c9700,len:0x4
load:0x403c9704,len:0xcb8
load:0x403cc700,len:0x2d80
entry 0x403c9914
[0;32mI (31) boot: ESP-IDF v5.3-dev-892-g692c1fcc52-dirty 2nd stage bootloader[0m
[0;32mI (31) boot: compile time Feb  3 2024 09:53:47[0m
[0;32mI (32) boot: Multicore bootloader[0m
[0;32mI (36) boot: chip revision: v0.2[0m
[0;32mI (40) boot.esp32s3: Boot SPI Speed : 80MHz[0m
[0;32mI (45) boot.esp32s3: SPI Mode       : DIO[0m
[0;32mI (50) boot.esp32s3: SPI Flash Size : 2MB[0m
[0;32mI (54) boot: Enabling RNG early entropy source...[0m
[0;32mI (60) boot: Partition Table:[0m
[0;32mI (63) boot: ## Label            Usage          Type ST Offset   Length[0m
[0;32mI (71) boot:  0 nvs              WiFi data        01 02 00009000 00006000[0m
[0;32mI (78) boot:  1 phy_init         RF data          01 01 0000f000 00001000[0m
[0;32mI (86) boot:  2 factory          factory app      00 00 00010000 00100000[0m
[0;32mI (93) boot: End of partition table[0m
[0;32mI (97) esp_image: segment 0: paddr=00010020 vaddr=3c030020 size=11b78h ( 72568) map[0m
[0;32mI (119) esp_image: segment 1: paddr=00021ba0 vaddr=3fc94600 size=02dd4h ( 11732) load[0m
[0;32mI (122) esp_image: segment 2: paddr=0002497c vaddr=40374000 size=0b69ch ( 46748) load[0m
[0;32mI (135) esp_image: segment 3: paddr=00030020 vaddr=42000020 size=2c928h (182568) map[0m
[0;32mI (168) esp_image: segment 4: paddr=0005c950 vaddr=4037f69c size=04f14h ( 20244) load[0m
[0;32mI (179) boot: Loaded app from partition at offset 0x10000[0m
[0;32mI (179) boot: Disabling RNG early entropy source...[0m
[0;32mI (191) cpu_start: Multicore app[0m
[0;32mI (200) cpu_start: Pro cpu start user code[0m
[0;32mI (201) cpu_start: cpu freq: 160000000 Hz[0m
[0;32mI (201) cpu_start: Application information:[0m
[0;32mI (204) cpu_start: Project name:     .[0m
[0;32mI (208) cpu_start: App version:      5f51ca5[0m
[0;32mI (213) cpu_start: Compile time:     Feb  3 2024 10:00:24[0m
[0;32mI (219) cpu_start: ELF file SHA256:  36fba781e...[0m
[0;32mI (224) cpu_start: ESP-IDF:          v5.3-dev-892-g692c1fcc52-dirty[0m
[0;32mI (231) cpu_start: Min chip rev:     v0.0[0m
[0;32mI (236) cpu_start: Max chip rev:     v0.99 [0m
[0;32mI (241) cpu_start: Chip rev:         v0.2[0m
[0;32mI (246) heap_init: Initializing. RAM available for dynamic allocation:[0m
[0;32mI (253) heap_init: At 3FC97D48 len 000519C8 (326 KiB): RAM[0m
[0;32mI (259) heap_init: At 3FCE9710 len 00005724 (21 KiB): RAM[0m
[0;32mI (265) heap_init: At 3FCF0000 len 00008000 (32 KiB): DRAM[0m
[0;32mI (271) heap_init: At 600FE010 len 00001FD8 (7 KiB): RTCRAM[0m
[0;32mI (279) spi_flash: detected chip: generic[0m
[0;32mI (282) spi_flash: flash io: dio[0m
[0;33mW (286) spi_flash: Detected size(16384k) larger than the size in the binary image header(2048k). Using the size in the binary image header.[0m
[0;32mI (299) sleep: Configure to isolate all GPIO pins in sleep state[0m
[0;32mI (306) sleep: Enable automatic switching of GPIO sleep configuration[0m
[0;32mI (313) main_task: Started on CPU0[0m
[0;32mI (333) main_task: Calling app_main()[0m
[0;32mI (333) example: Initializing SD card[0m
[0;32mI (333) example: Using SPI peripheral[0m
[0;32mI (333) example: Mounting filesystem[0m
[0;32mI (343) gpio: GPIO[38]| InputEn: 0| OutputEn: 1| OpenDrain: 0| Pullup: 0| Pulldown: 0| Intr:0 [0m
[0;32mI (353) sdspi_transaction: cmd=52, R1 response: command not supported[0m
[0;32mI (393) sdspi_transaction: cmd=5, R1 response: command not supported[0m
[0;32mI (413) example: Filesystem mounted[0m
Name: SDABC
Type: SDHC/SDXC
Speed: 20.00 MHz (limit: 20.00 MHz)
Size: 60000MB
CSD: ver=2, sector_size=512, capacity=122880000 read_bl_len=9
SSR: bus_width=1
[0;32mI (423) example: Opening file /sdcard/test.txt[0m
[0;32mI (443) example: File written[0m
[0;32mI (443) example: Reading file /sdcard/test.txt[0m

assert failed: spinlock_acquire spinlock.h:140 (lock->count == 0)


